
> creloy@0.0.0 build
> vite build

[36mvite v7.3.1 [32mbuilding client environment for production...[36m[39m
transforming...
[32mΓ£ô[39m 12 modules transformed.
node.exe : [31mΓ£ù[39m Build 
failed in 373ms
At C:\Program 
Files\nodejs\npm.ps1:29 char:3
+   & $NODE_EXE $NPM_CLI_JS $args
+   ~~~~~~~~~~~~~~~~~~~~~~~~~~~~~
    + CategoryInfo          : NotSp 
   ecified: ([31mΓ£ù[39m Build f  
  ailed in 373ms:String) [], Remo   
 teException
    + FullyQualifiedErrorId : Nativ 
   eCommandError
 
[31merror during build:
[31m[vite:css] [postcss] It looks 
like you're trying to use 
`tailwindcss` directly as a PostCSS 
plugin. The PostCSS plugin has 
moved to a separate package, so to 
continue using Tailwind CSS with 
PostCSS you'll need to install 
`@tailwindcss/postcss` and update 
your PostCSS configuration.[31m
file: [36mC:/CRELOY/src/index.css:u
ndefined:NaN[31m
    at lt (C:\CRELOY\node_modules\ta
ilwindcss\dist\lib.js:38:1643)
    at LazyResult.runOnRoot (C:\CREL
OY\node_modules\postcss\lib\lazy-res
ult.js:361:16)
    at LazyResult.runAsync (C:\CRELO
Y\node_modules\postcss\lib\lazy-resu
lt.js:290:26)
    at LazyResult.async (C:\CRELOY\n
ode_modules\postcss\lib\lazy-result.
js:192:30)
    at LazyResult.then (C:\CRELOY\no
de_modules\postcss\lib\lazy-result.j
s:436:17)[39m
